<?xml version="1.0" encoding="UTF-8"?>
<testsuites name="jest tests" tests="7" failures="0" errors="0" time="0.521">
  <testsuite name="API regression foundation: /api/review/meta/publish" errors="0" failures="0" skipped="0" timestamp="2026-03-23T11:42:55" time="0.342" tests="3">
    <testcase classname="API regression foundation: /api/review/meta/publish" name="returns 401 when auth context rejects" time="0.234">
    </testcase>
    <testcase classname="API regression foundation: /api/review/meta/publish" name="returns 400 when required publish fields are missing" time="0.001">
    </testcase>
    <testcase classname="API regression foundation: /api/review/meta/publish" name="creates a live publish container for authenticated requests" time="0.002">
    </testcase>
  </testsuite>
  <testsuite name="API regression foundation: /api/review/meta/insights" errors="0" failures="0" skipped="0" timestamp="2026-03-23T11:42:55" time="0.078" tests="2">
    <testcase classname="API regression foundation: /api/review/meta/insights" name="returns 401 when auth context rejects" time="0.061">
    </testcase>
    <testcase classname="API regression foundation: /api/review/meta/insights" name="returns live insights for authenticated requests" time="0">
    </testcase>
  </testsuite>
  <testsuite name="API regression foundation: /api/review/meta/connect/status" errors="0" failures="0" skipped="0" timestamp="2026-03-23T11:42:55" time="0.072" tests="2">
    <testcase classname="API regression foundation: /api/review/meta/connect/status" name="returns 401 when auth context rejects" time="0.056">
    </testcase>
    <testcase classname="API regression foundation: /api/review/meta/connect/status" name="returns live connection status for authenticated requests" time="0.001">
    </testcase>
  </testsuite>
</testsuites>